// Jest Snapshot v1, https://goo.gl/fbAQLP

exports[`HomeScreen should match to snapshot 1`] = `
<View
  style={
    Object {
      "alignItems": "center",
      "backgroundColor": "#2C2540",
      "flex": 1,
      "height": "100%",
      "width": "100%",
    }
  }
>
  <ScrollViewMock
    style={
      Object {
        "backgroundColor": "#2C2540",
        "flex": 1,
        "height": "100%",
        "width": "100%",
      }
    }
  >
    <Text
      style={
        Object {
          "color": "#EE933F",
          "fontSize": 30,
          "marginTop": "70%",
          "textAlign": "center",
          "width": "100%",
        }
      }
    >
      You have no recommendations saved yet, search for some!
    </Text>
  </ScrollViewMock>
</View>
`;
